◇ injected env (0) from .env.local // tip: ⌘ suppress logs { quiet: true }
Bologna centro: 198 strutture (dryRun=false)

  DELETE bologna-bed-and-breakfast-bologna (Bologna Bed and Breakfast) — no real email
  scrape bed-breakfast-aurelia-bologna …
  DELETE bed-breakfast-aurelia-bologna (Bed & Breakfast Aurelia) — no real email
  scrape bed-breakfast-la-piazzetta-della-pioggia-bologna …
  DELETE bed-breakfast-la-piazzetta-della-pioggia-bologna (Bed & Breakfast La piazzetta della pioggia) — no real email
  scrape casa-salbego-b-b-bologna …
  DELETE casa-salbego-b-b-bologna (Casa Salbego B&B) — no real email
  DELETE b-b-villa-rivabella-bologna-bologna (B&B Villa Rivabella Bologna) — no real email
  scrape Hotel Brun …
  ✗ junk/non-verificata: Hotel Brun → brun@monrifhotels.it
  DELETE ∅ (Hotel Brun) — no real email
  scrape UNAHOTELS Bologna Centro …
  DELETE ∅ (UNAHOTELS Bologna Centro) — no real email
  scrape Grand Hotel Elite …
  DELETE ∅ (Grand Hotel Elite) — no real email
  scrape Hotel IL GUERCINO …
  DELETE ∅ (Hotel IL GUERCINO) — no real email
  scrape Hotel NH Bologna De La Gare …
  ✓ email nhbologna@nh-hotels.com
  scrape Casa Miramonte …
  DELETE ∅ (Casa Miramonte) — no real email
  scrape Acquaderni Rooms …
  ✗ junk/non-verificata: Acquaderni Rooms → contact@h2cb.com
  DELETE ∅ (Acquaderni Rooms) — no real email
  DELETE ∅ (Al Centro di Bologna) — no real email
  scrape AC Hotel Bologna di Marriott …
  DELETE ∅ (AC Hotel Bologna di Marriott) — no real email
  scrape Hotel Pedrini Bologna Centro 3 Stelle con parcheggio …
  DELETE ∅ (Hotel Pedrini Bologna Centro 3 Stelle con parcheggio) — no real email
  scrape Hotel University …
  ✗ junk/non-verificata: Hotel University → info@hotel-university.com
  DELETE ∅ (Hotel University) — no real email
  scrape The Social Hub Bologna …
  DELETE ∅ (The Social Hub Bologna) — no real email
  scrape Royal Hotel Carlton …
  ✗ junk/non-verificata: Royal Hotel Carlton → carlton@monrifhotels.com
  DELETE ∅ (Royal Hotel Carlton) — no real email
  scrape Ariam - Guesthouse …
  DELETE ∅ (Ariam - Guesthouse) — no real email
  DELETE ∅ (Fiera boutique) — no real email
  DELETE ∅ (Hotel 24) — no real email
  DELETE ∅ (Bologna Rooms) — no real email
  scrape Art Hotel Commercianti …
  ✗ junk/non-verificata: Art Hotel Commercianti → info@arthotelcommercianti.it
  DELETE ∅ (Art Hotel Commercianti) — no real email
  scrape Morgagni Suites …
  DELETE ∅ (Morgagni Suites) — no real email
  DELETE ∅ (Monolocale tra Piazza del Nettuno e le Due Torri) — no real email
  scrape 051 Boutique R&B …
  ✗ junk/non-verificata: 051 Boutique R&B → contact@h2cb.com
  DELETE ∅ (051 Boutique R&B) — no real email
  scrape Allegroitalia Espresso Bologna …
  DELETE ∅ (Allegroitalia Espresso Bologna) — no real email
  scrape Residence Petronio …
  ✗ junk/non-verificata: Residence Petronio → info@bolognaresidences.com
  DELETE ∅ (Residence Petronio) — no real email
  scrape Residence le Porte …
  ✓ email info@adrianoresidence.it
  scrape Appartamenti Astoria …
  ✗ junk/non-verificata: Appartamenti Astoria → info@astoria.bo.it
  DELETE ∅ (Appartamenti Astoria) — no real email
  scrape MyRoom CenterStation Bologna …
  DELETE ∅ (MyRoom CenterStation Bologna) — no real email
  scrape Ospitalità San Tommaso D'Aquino …
  DELETE ∅ (Ospitalità San Tommaso D'Aquino) — no real email
  scrape Hotel Perla …
  ✓ email hotelperlabologna@gmail.com
  scrape IL TIRO ROOMS …
  DELETE ∅ (IL TIRO ROOMS) — no real email
  scrape Cozy Suite | Unique Stay in Bologna …
  ✓ email ciao@bolognaexperience.org
  DELETE ∅ (Dudu Affittacamere di Sir Edile S.r.l.) — no real email
  scrape Residence Opera …
  DELETE ∅ (Residence Opera) — no real email
  DELETE ∅ (Bed and Breakfast Dolce Vita Bologna) — no real email
  scrape Bertiera Rooms …
  ✗ junk/non-verificata: Bertiera Rooms → contact@h2cb.com
  DELETE ∅ (Bertiera Rooms) — no real email
  scrape Residenza San Martino …
  DELETE ∅ (Residenza San Martino) — no real email
  scrape Palazzo di Alcina - Residenza D'Epoca - Luxury Rooms - …
  ✓ email info@palazzodialcina.com
  DELETE ∅ (A pochi minuti dall'Università di Bologna MiniHouse) — no real email
  scrape San Felice Residence …
  ✗ junk/non-verificata: San Felice Residence → sanfelice@gregorihotels.com
  DELETE ∅ (San Felice Residence) — no real email
  DELETE ∅ (Porta San Felice Cozy Apartments) — no real email
  DELETE ∅ (Strada Maggiore 37) — no real email
  DELETE ∅ (Monaldo) — no real email
  DELETE ∅ (Affittacamere La Finestrella) — no real email
  scrape Camere e stanze per studenti. Coop. Archiginnasio …
  ✓ email segreteria@archiginnasio.com
  DELETE ∅ (B&B da Jo) — no real email
  scrape Aparthotel Sant'Orsola …
  ✗ junk/non-verificata: Aparthotel Sant'Orsola → info@residencebolognagroup.com
  DELETE ∅ (Aparthotel Sant'Orsola) — no real email
  scrape CENTRALE BOLOGNA …
  DELETE ∅ (CENTRALE BOLOGNA) — no real email
  scrape La Suite Rooms & Apartments …
  DELETE ∅ (La Suite Rooms & Apartments) — no real email
  scrape Albachiara Suite Rooms …
  DELETE ∅ (Albachiara Suite Rooms) — no real email
  scrape Royal Central Room …
  ✗ junk/non-verificata: Royal Central Room → booking@centralroom.it
  DELETE ∅ (Royal Central Room) — no real email
  scrape B&b fantasia …
  DELETE ∅ (B&b fantasia) — no real email
  scrape B&B Pratello …
  DELETE ∅ (B&B Pratello) — no real email
  scrape BOLOGNA SUITE …
  ✓ email bolognasuite@libero.it
  scrape charlothause …
  DELETE ∅ (charlothause) — no real email
  DELETE ∅ (Bed In) — no real email
  scrape Marconi Dreams …
  DELETE ∅ (Marconi Dreams) — no real email
  scrape B&B Corticella 24 …
  DELETE ∅ (B&B Corticella 24) — no real email
  scrape Hotel Ideale Bologna …
  DELETE ∅ (Hotel Ideale Bologna) — no real email
  scrape R&B La Villa …
  ✓ email spacealaimo@gmail.com
  scrape B&B A Bologna …
  DELETE ∅ (B&B A Bologna) — no real email
  scrape Casa Nina Bologna centro …
  DELETE ∅ (Casa Nina Bologna centro) — no real email
  DELETE ∅ (B&B Bologna Centro) — no real email
  DELETE ∅ (B&B La Porta di Levante) — no real email
  scrape AFFITTACAMERE ANGELICA …
  DELETE ∅ (AFFITTACAMERE ANGELICA) — no real email
  scrape Affittacamere Lidiya …
  DELETE ∅ (Affittacamere Lidiya) — no real email
  scrape Il Portico Affittacamere Bologna …
  DELETE ∅ (Il Portico Affittacamere Bologna) — no real email
  scrape Affittacamere Polese …
  DELETE ∅ (Affittacamere Polese) — no real email
  DELETE ∅ (AFFITTACAMERE CARTOLERIA guesthouse Bologna) — no real email
  DELETE ∅ (Affittacamere Cortesia 2) — no real email
  scrape B&B Gran Suite Piazza Maggiore …
  DELETE ∅ (B&B Gran Suite Piazza Maggiore) — no real email
  DELETE ∅ (Via dei bibiena 3 Bologna 40126) — no real email
  scrape B&B Sant'Orsola Ercolani …
  DELETE ∅ (B&B Sant'Orsola Ercolani) — no real email
  scrape B&B Attico Galliera …
  DELETE ∅ (B&B Attico Galliera) — no real email
  DELETE ∅ (Bed and Breakfast Bologna The Seventh Heaven) — no real email
  scrape My Room Sui Portici …
  DELETE ∅ (My Room Sui Portici) — no real email
  DELETE ∅ (Bologna Center Town) — no real email
  DELETE ∅ (Il Castello Hostel Boutique) — no real email
  scrape B&B Polese …
  DELETE ∅ (B&B Polese) — no real email
  scrape B&B Residenza Palazzo Marchesini …
  ✓ email msg@residenzapalazzomarchesini.it
  DELETE ∅ (Cactus Affittacamere Bologna) — no real email
  scrape glimmer-harbor …
  DELETE ∅ (glimmer-harbor) — no real email
  scrape B&B Borgo di San Pietro …
  DELETE ∅ (B&B Borgo di San Pietro) — no real email
  scrape millenn-hotel-bologna-bologna …
  DELETE millenn-hotel-bologna-bologna (Millenn Hotel Bologna) — no real email
  scrape hotel-re-enzo-bologna …
  ✓ email cristian.maini@hotelreenzo.it
  scrape hotel-marconi-express-calderara-di-reno …
  ✗ junk/non-verificata: Hotel Marconi Express → info@hotelmarconiexpress.com
  DELETE hotel-marconi-express-calderara-di-reno (Hotel Marconi Express) — no real email
  scrape marconi-inn-bologna …
  ✓ email bbmarconiinn@gmail.com
  scrape bed-and-breakfast-centrale-bologna …
  ✓ email info@bbcentrale.com
  scrape la-stradetta-bed-and-breakfast-bologna …
  DELETE la-stradetta-bed-and-breakfast-bologna (La Stradetta Bed and Breakfast) — no real email
  scrape art-hotel-orologio-bologna …
  DELETE art-hotel-orologio-bologna (Art Hotel Orologio) — no real email
  scrape hotel-internazionale-bologna …
  DELETE hotel-internazionale-bologna (Hotel Internazionale) — no real email
  scrape smy-bologna-centrale-bologna …
  DELETE smy-bologna-centrale-bologna (Smy Bologna Centrale) — no real email
  scrape residenza-bianconcini-bologna …
  DELETE residenza-bianconcini-bologna (Residenza Bianconcini) — no real email
  scrape made-in-bo-affittacamere-rooms-bologna-rooms-cam-calderara-di-reno …
  DELETE made-in-bo-affittacamere-rooms-bologna-rooms-cam-calderara-di-reno (MADE IN BO-Affittacamere-Rooms-Bologna Rooms-Camere Stazione Centrale-Camere Bologna-Camere) — no real email
  DELETE b-b-galleria-del-reno-casalecchio-di-reno (B&B Galleria del Reno) — no real email

=== TOTALE ===
Mantenute (email reale): 112
Email aggiornate: 12
Eliminate: 86
Skipped (claimed): 0
Report: /workspace/data/bologna-centro-real-emails-report.json
