◇ injected env (0) from .env.local // tip: ◈ encrypted .env [www.dotenvx.com]
Milano centro: 71 strutture (dryRun=false)

  scrape cocoon-b-b-milano …
  DELETE cocoon-b-b-milano (Cocoon B&B) — no real email
  scrape b-b-hotel-milano-sant-ambrogio-milano …
  DELETE b-b-hotel-milano-sant-ambrogio-milano (B&B HOTEL Milano Sant'Ambrogio) — no real email
  scrape bb-tortona-milano …
  DELETE bb-tortona-milano (BB Tortona) — no real email
  scrape null …
  DELETE null (B&B Hotel Milano Duomo Velasca) — no real email
  scrape null …
  ✓ email info@hotelnuovomilan.com
  scrape null …
  DELETE null (Hotel Vecchia Milano) — no real email
  scrape null …
  ✗ junk/non-verificata: Matilde Boutique Hotel → info@matildeboutiquehotel.com
  DELETE null (Matilde Boutique Hotel) — no real email
  scrape null …
  ✓ email victorboutiquehotel@gmail.com
  scrape null …
  ✗ junk/non-verificata: Hotel delle Nazioni → info@hoteldellenazioni.net
  DELETE null (Hotel delle Nazioni) — no real email
  scrape null …
  DELETE null (Hotel Dateo Milano) — no real email
  scrape null …
  DELETE null (The Couper Spiga) — no real email
  scrape null …
  DELETE null (Milano Verticale | UNA Esperienze) — no real email
  scrape null …
  ✗ junk/non-verificata: Hotel Capitol → info@capitolmilano.com
  DELETE null (Hotel Capitol) — no real email
  scrape null …
  DELETE null (Hotel Midtown Milano) — no real email
  scrape null …
  ✗ junk/non-verificata: ApartHotel Bossi → hotel.contact.us@gmail.com
  DELETE null (ApartHotel Bossi) — no real email
  scrape null …
  DELETE null (UNA Hotels Galles Milano) — no real email
  scrape null …
  DELETE null (Hotel Paradiso) — no real email
  scrape null …
  DELETE null (Heart Milan Apartments San Sepolcro Duomo) — no real email
  scrape null …
  ✗ junk/non-verificata: ODSweet Duomo Milano Hotel → info@odshotel.com
  DELETE null (ODSweet Duomo Milano Hotel) — no real email
  scrape b-b-hotel-milano-city-center-duomo-milano …
  DELETE b-b-hotel-milano-city-center-duomo-milano (B&B HOTEL Milano City Center Duomo) — no real email
  scrape mandarin-oriental-milan …
  DELETE mandarin-oriental-milan (Mandarin Oriental, Milan) — no real email
  scrape radisson-collection-palazzo-touring-milano …
  DELETE radisson-collection-palazzo-touring-milano (Radisson Collection Hotel, Palazzo Touring Club) — no real email
  scrape palazzo-touring-club-milan-a-radisson-collection-milano …
  DELETE palazzo-touring-club-milan-a-radisson-collection-milano (Palazzo Touring Club Milan, A Radisson Collection Hotel) — no real email
  scrape milano-brera-relais-milano …
  DELETE milano-brera-relais-milano (Milano Brera Relais) — no real email
  scrape b-b-locanda-del-pino-milano …
  ✗ junk/non-verificata: B&B Locanda del Pino → hotel.contact.us@gmail.com
  DELETE b-b-locanda-del-pino-milano (B&B Locanda del Pino) — no real email
  scrape 21-house-of-stories-navigli-milano …
  DELETE 21-house-of-stories-navigli-milano (21 House of Stories Navigli) — no real email
  scrape b-b-hotel-milano-central-station-milano …
  DELETE b-b-hotel-milano-central-station-milano (B&B HOTEL Milano Central Station) — no real email
  scrape b-b-sant-agostino-milano …
  DELETE b-b-sant-agostino-milano (B&B Sant'Agostino) — no real email

=== TOTALE ===
Mantenute (email reale): 45
Email aggiornate: 2
Eliminate: 26
Skipped (claimed): 0
Report: /workspace/data/milano-centro-real-emails-report.json
